// Jest Snapshot v1, https://goo.gl/fbAQLP

exports[`renders correctly 1`] = `
<div
  className="info__container"
>
  <div
    className="info"
  >
    <span
      className="info__title info__title_black"
    >
      
    </span>
    <div
      className="info__rate"
    >
      0.0
    </div>
  </div>
  <div
    className="info__genres"
  >
    
  </div>
</div>
`;
