// Jest Snapshot v1, https://goo.gl/fbAQLP

exports[`renders correctly 1`] = `
<div
  className="trailer__container"
>
  <button
    className="trailer__close"
    onClick={null}
    type="button"
  >
    x
  </button>
  <div
    className="trailer__modal"
  >
    <iframe
      className="trailer__video"
      src="https://www.youtube.com/embed/"
      title="Movie trailer"
    />
  </div>
</div>
`;
