// Jest Snapshot v1, https://goo.gl/fbAQLP

exports[`renders correctly 1`] = `
<div
  className="rateContainer"
>
  <div
    className="rate"
  >
    <input
      id="star5"
      type="radio"
    />
    <label
      htmlFor="star5"
    />
    <input
      id="star4"
      type="radio"
    />
    <label
      htmlFor="star4"
    />
    <input
      id="star3"
      type="radio"
    />
    <label
      htmlFor="star3"
    />
    <input
      id="star2"
      type="radio"
    />
    <label
      htmlFor="star2"
    />
    <input
      id="star1"
      type="radio"
    />
    <label
      htmlFor="star1"
    />
  </div>
  <div
    className="averageRate"
  >
    4.8
  </div>
</div>
`;
