// Jest Snapshot v1, https://goo.gl/fbAQLP

exports[`renders correctly 1`] = `
<div
  className="details__container"
>
  <div
    className="details"
  >
    <h2
      className="details__title"
    >
      the jungle book
    </h2>
    <div
      className="details__more"
    >
      <ul
        className="details__genres"
      >
        <li>
          Adventure
        </li>
        <li>
          Drama
        </li>
        <li>
          Family
        </li>
        <li>
          Fantasy
        </li>
      </ul>
      <span
        className="details__separator"
      >
        |
      </span>
      <span
        className="details__duration"
      >
        1h 46m
      </span>
    </div>
    <div
      className="rating__container"
    >
      <div
        className="rating"
      >
        <div>
          ★
        </div>
        <div>
          ★
        </div>
        <div>
          ★
        </div>
        <div>
          ★
        </div>
        <div>
          ★
        </div>
      </div>
      <div
        className="averageRate"
      >
        4.8
      </div>
    </div>
  </div>
  <div
    className="buttons"
  >
    <button
      className="btn blue"
      onClick={null}
      type="button"
    >
      Watch Now
    </button>
    <button
      className="btn transparent"
      onClick={null}
      type="button"
    >
      View Info
    </button>
  </div>
</div>
`;
